python : Traceback (most recent call last):
At line:1 char:1
+ python tests/test_environment_local.py > d:\meta-one\test_output.txt  ...
+ ~~~~~~~~~~~~~~~~~~~~~~~~~~~~~~~~~~~~~~~~~~~~~~~~~~~~~~~~~~~~~~~~~~~~~
    + CategoryInfo          : NotSpecified: (Traceback (most recent call last)::String) [], RemoteException
    + FullyQualifiedErrorId : NativeCommandError
 
============================================================
  SecureHeal Arena � Local Environment Tests
============================================================

  File "D:\meta-one\tests\test_environment_local.py", line 304, in <module>
    print(f"\n\u25b8 {test_fn.__name__}")
    ~~~~~^^^^^^^^^^^^^^^^^^^^^^^^^^^
  File "D:\Python\Lib\encodings\cp1252.py", line 19, in encode
    return codecs.charmap_encode(input,self.errors,encoding_table)[0]
           ~~~~~~~~~~~~~~~~~~~~~^^^^^^^^^^^^^^^^^^^^^^^^^^^^^^^^^^
UnicodeEncodeError: 'charmap' codec can't encode character '\u25b8' in position 2: character maps to <undefined>

During handling of the above exception, another exception occurred:

Traceback (most recent call last):
  File "D:\meta-one\tests\test_environment_local.py", line 308, in <module>
    print(f"  \u2717 FAILED: {e}")
    ~~~~~^^^^^^^^^^^^^^^^^^^^
  File "D:\Python\Lib\encodings\cp1252.py", line 19, in encode
    return codecs.charmap_encode(input,self.errors,encoding_table)[0]
           ~~~~~~~~~~~~~~~~~~~~~^^^^^^^^^^^^^^^^^^^^^^^^^^^^^^^^^^
UnicodeEncodeError: 'charmap' codec can't encode character '\u2717' in position 2: character maps to <undefined>
